src/app/developer/page.tsx(3,10): error TS2614: Module '"next"' has no exported member 'useState'. Did you mean to use 'import useState from "next"' instead?
src/app/developer/page.tsx(3,20): error TS2614: Module '"next"' has no exported member 'useEffect'. Did you mean to use 'import useEffect from "next"' instead?
